[themesdesign.in/tocly/layouts/index.html]
[backblue.gif]
[fade.gif]
[index.html]
[themesdesign.in/tocly/layouts/assets/images/favicon.ico]
[themesdesign.in/tocly/layouts/assets/libs/jsvectormap/jsvectormap.min.css]
[themesdesign.in/tocly/layouts/assets/js/layout.js]
[themesdesign.in/tocly/layouts/assets/css/bootstrap.min.css]
[themesdesign.in/tocly/layouts/assets/css/app.min.css]
[themesdesign.in/tocly/layouts/assets/css/icons.min.css]
[themesdesign.in/tocly/layouts/assets/images/logo-dark.png]
[themesdesign.in/tocly/layouts/assets/images/logo-sm-dark.png]
[themesdesign.in/tocly/layouts/assets/images/logo-light.png]
[themesdesign.in/tocly/layouts/assets/images/logo-sm-light.png]
[themesdesign.in/tocly/layouts/assets/images/flags/us.jpg]
[themesdesign.in/tocly/layouts/assets/images/flags/spain.jpg]
[themesdesign.in/tocly/layouts/assets/images/flags/germany.jpg]
[themesdesign.in/tocly/layouts/assets/images/flags/italy.jpg]
[themesdesign.in/tocly/layouts/assets/images/flags/russia.jpg]
[themesdesign.in/tocly/layouts/assets/images/brands/github.png]
[themesdesign.in/tocly/layouts/assets/images/brands/bitbucket.png]
[themesdesign.in/tocly/layouts/assets/images/brands/dribbble.png]
[themesdesign.in/tocly/layouts/assets/images/brands/dropbox.png]
[themesdesign.in/tocly/layouts/assets/images/brands/mail_chimp.png]
[themesdesign.in/tocly/layouts/assets/images/brands/slack.png]
[themesdesign.in/tocly/layouts/assets/images/users/avatar-3.jpg]
[themesdesign.in/tocly/layouts/assets/images/users/avatar-4.jpg]
[themesdesign.in/tocly/layouts/email-inbox.html]
[themesdesign.in/tocly/layouts/email-read.html]
[themesdesign.in/tocly/layouts/calendar.html]
[themesdesign.in/tocly/layouts/apps-chat.html]
[themesdesign.in/tocly/layouts/apps-file-manager.html]
[themesdesign.in/tocly/layouts/invoices.html]
[themesdesign.in/tocly/layouts/invoice-detail.html]
[themesdesign.in/tocly/layouts/users-list.html]
[themesdesign.in/tocly/layouts/users-detail.html]
[themesdesign.in/tocly/layouts/layouts-dark-sidebar.html]
[themesdesign.in/tocly/layouts/layouts-light-sidebar.html]
[themesdesign.in/tocly/layouts/layouts-compact-sidebar.html]
[themesdesign.in/tocly/layouts/layouts-icon-sidebar.html]
[themesdesign.in/tocly/layouts/layouts-boxed.html]
[themesdesign.in/tocly/layouts/layouts-preloader.html]
[themesdesign.in/tocly/layouts/layouts-horizontal.html]
[themesdesign.in/tocly/layouts/layouts-hori-light-header.html]
[themesdesign.in/tocly/layouts/layouts-hori-topbar-dark.html]
[themesdesign.in/tocly/layouts/layouts-hori-boxed-width.html]
[themesdesign.in/tocly/layouts/layouts-hori-preloader.html]
[themesdesign.in/tocly/layouts/auth-login.html]
[themesdesign.in/tocly/layouts/auth-register.html]
[themesdesign.in/tocly/layouts/auth-recoverpw.html]
[themesdesign.in/tocly/layouts/auth-lock-screen.html]
[themesdesign.in/tocly/layouts/pages-starter.html]
[themesdesign.in/tocly/layouts/pages-maintenance.html]
[themesdesign.in/tocly/layouts/pages-comingsoon.html]
[themesdesign.in/tocly/layouts/pages-404.html]
[themesdesign.in/tocly/layouts/pages-500.html]
[themesdesign.in/tocly/layouts/pages-faq.html]
[themesdesign.in/tocly/layouts/pages-profile.html]
[themesdesign.in/tocly/layouts/pages-pricing.html]
[themesdesign.in/tocly/layouts/pages-terms-conditions.html]
[themesdesign.in/tocly/layouts/ui-alerts.html]
[themesdesign.in/tocly/layouts/ui-buttons.html]
[themesdesign.in/tocly/layouts/ui-cards.html]
[themesdesign.in/tocly/layouts/ui-carousel.html]
[themesdesign.in/tocly/layouts/ui-dropdowns.html]
[themesdesign.in/tocly/layouts/ui-grid.html]
[themesdesign.in/tocly/layouts/ui-images.html]
[themesdesign.in/tocly/layouts/ui-lightbox.html]
[themesdesign.in/tocly/layouts/ui-modals.html]
[themesdesign.in/tocly/layouts/ui-offcanvas.html]
[themesdesign.in/tocly/layouts/ui-rangeslider.html]
[themesdesign.in/tocly/layouts/ui-roundslider.html]
[themesdesign.in/tocly/layouts/ui-session-timeout.html]
[themesdesign.in/tocly/layouts/ui-progressbars.html]
[themesdesign.in/tocly/layouts/ui-sweet-alert.html]
[themesdesign.in/tocly/layouts/ui-tabs-accordions.html]
[themesdesign.in/tocly/layouts/ui-typography.html]
[themesdesign.in/tocly/layouts/ui-video.html]
[themesdesign.in/tocly/layouts/ui-general.html]
[themesdesign.in/tocly/layouts/ui-rating.html]
[themesdesign.in/tocly/layouts/ui-notifications.html]
[themesdesign.in/tocly/layouts/form-elements.html]
[themesdesign.in/tocly/layouts/form-validation.html]
[themesdesign.in/tocly/layouts/form-plugins.html]
[themesdesign.in/tocly/layouts/form-editors.html]
[themesdesign.in/tocly/layouts/form-uploads.html]
[themesdesign.in/tocly/layouts/form-wizard.html]
[themesdesign.in/tocly/layouts/tables-bootstrap.html]
[themesdesign.in/tocly/layouts/tables-datatable.html]
[themesdesign.in/tocly/layouts/tables-editable.html]
[themesdesign.in/tocly/layouts/charts-line.html]
[themesdesign.in/tocly/layouts/charts-area.html]
[themesdesign.in/tocly/layouts/charts-column.html]
[themesdesign.in/tocly/layouts/charts-bar.html]
[themesdesign.in/tocly/layouts/charts-mixed.html]
[themesdesign.in/tocly/layouts/charts-timeline.html]
[themesdesign.in/tocly/layouts/charts-candlestick.html]
[themesdesign.in/tocly/layouts/charts-boxplot.html]
[themesdesign.in/tocly/layouts/charts-bubble.html]
[themesdesign.in/tocly/layouts/charts-scatter.html]
[themesdesign.in/tocly/layouts/charts-heatmap.html]
[themesdesign.in/tocly/layouts/charts-treemap.html]
[themesdesign.in/tocly/layouts/charts-pie.html]
[themesdesign.in/tocly/layouts/charts-radialbar.html]
[themesdesign.in/tocly/layouts/charts-radar.html]
[themesdesign.in/tocly/layouts/charts-polararea.html]
[themesdesign.in/tocly/layouts/charts-echart.html]
[themesdesign.in/tocly/layouts/icons-remix.html]
[themesdesign.in/tocly/layouts/icons-materialdesign.html]
[themesdesign.in/tocly/layouts/icons-unicons.html]
[themesdesign.in/tocly/layouts/maps-google.html]
[themesdesign.in/tocly/layouts/maps-vector.html]
[themesdesign.in/tocly/layouts/assets/images/users/avatar-2.jpg]
[themesdesign.in/tocly/layouts/assets/images/users/avatar-5.jpg]
[themesdesign.in/tocly/layouts/assets/images/users/avatar-6.jpg]
[themesdesign.in/tocly/layouts/assets/images/users/avatar-7.jpg]
[themesdesign.in/tocly/layouts/assets/images/users/avatar-8.jpg]
[themesdesign.in/tocly/layouts/assets/images/users/avatar-1.jpg]
[themesdesign.in/tocly/layouts/assets/images/layouts/layout-1.jpg]
[themesdesign.in/tocly/layouts/assets/images/layouts/layout-2.jpg]
[themesdesign.in/tocly/layouts/assets/images/layouts/layout-3.jpg]
[themesdesign.in/tocly/layouts/assets/css/app-rtl.min.css]
[themesdesign.in/tocly/layouts/assets/libs/jquery/jquery.min.js]
[themesdesign.in/tocly/layouts/assets/libs/bootstrap/js/bootstrap.bundle.min.js]
[themesdesign.in/tocly/layouts/assets/libs/metismenu/metisMenu.min.js]
[themesdesign.in/tocly/layouts/assets/libs/simplebar/simplebar.min.js]
[themesdesign.in/tocly/layouts/assets/libs/node-waves/waves.min.js]
[unicons.iconscout.com/release/v2.0.1/script/monochrome/bundle.js]
[themesdesign.in/tocly/layouts/assets/libs/jsvectormap/jsvectormap.min.js]
[themesdesign.in/tocly/layouts/assets/libs/apexcharts/apexcharts.min.js]
[themesdesign.in/tocly/layouts/assets/libs/jsvectormap/maps/world-merc.js]
[themesdesign.in/tocly/layouts/assets/js/pages/dashboard.init.js]
[themesdesign.in/tocly/layouts/assets/js/app.js]
[themesdesign.in/tocly/layouts/index.html]
[themesdesign.in/tocly/layouts/assets/libs/jsvectormap/jsvectormap.min.css]
[themesdesign.in/tocly/layouts/assets/css/bootstrap.min.css]
[themesdesign.in/tocly/layouts/assets/fonts/materialdesignicons-webfont3e71.eot]
[themesdesign.in/tocly/layouts/assets/fonts/materialdesignicons-webfontd41d.eot]
[themesdesign.in/tocly/layouts/assets/fonts/materialdesignicons-webfont3e71.woff2]
[themesdesign.in/tocly/layouts/assets/fonts/materialdesignicons-webfont3e71.woff]
[themesdesign.in/tocly/layouts/assets/fonts/materialdesignicons-webfont3e71.ttf]
[themesdesign.in/tocly/layouts/assets/fonts/fa-brands-400.eot]
[themesdesign.in/tocly/layouts/assets/fonts/fa-brands-400d41d.eot]
[themesdesign.in/tocly/layouts/assets/fonts/fa-brands-400.woff2]
[themesdesign.in/tocly/layouts/assets/fonts/fa-brands-400.woff]
[themesdesign.in/tocly/layouts/assets/fonts/fa-brands-400.ttf]
[themesdesign.in/tocly/layouts/assets/fonts/fa-regular-400.eot]
[themesdesign.in/tocly/layouts/assets/fonts/fa-regular-400d41d.eot]
[themesdesign.in/tocly/layouts/assets/fonts/fa-regular-400.woff2]
[themesdesign.in/tocly/layouts/assets/fonts/fa-regular-400.woff]
[themesdesign.in/tocly/layouts/assets/fonts/fa-regular-400.ttf]
[themesdesign.in/tocly/layouts/assets/fonts/fa-solid-900.eot]
[themesdesign.in/tocly/layouts/assets/fonts/fa-solid-900d41d.eot]
[themesdesign.in/tocly/layouts/assets/fonts/fa-solid-900.woff2]
[themesdesign.in/tocly/layouts/assets/fonts/fa-solid-900.woff]
[themesdesign.in/tocly/layouts/assets/fonts/fa-solid-900.ttf]
[themesdesign.in/tocly/layouts/assets/fonts/dripicons-v2.eot]
[themesdesign.in/tocly/layouts/assets/fonts/dripicons-v2d41d.eot]
[themesdesign.in/tocly/layouts/assets/fonts/dripicons-v2.woff]
[themesdesign.in/tocly/layouts/assets/fonts/dripicons-v2.ttf]
[themesdesign.in/tocly/layouts/assets/fonts/remixicondf6d.eot]
[themesdesign.in/tocly/layouts/assets/fonts/remixicondf6d.woff2]
[themesdesign.in/tocly/layouts/assets/fonts/remixicondf6d.woff]
[themesdesign.in/tocly/layouts/assets/fonts/remixicondf6d.ttf]
[themesdesign.in/tocly/layouts/assets/css/icons.min.css]
[themesdesign.in/tocly/layouts/assets/css/app.min.css]
[themesdesign.in/tocly/layouts/assets/libs/tinymce/tinymce.min.js]
[themesdesign.in/tocly/layouts/assets/js/pages/form-editor.init.js]
[themesdesign.in/tocly/layouts/email-inbox.html]
[themesdesign.in/tocly/layouts/assets/images/small/img-3.jpg]
[themesdesign.in/tocly/layouts/assets/images/small/img-4.jpg]
[themesdesign.in/tocly/layouts/email-read.html]
[themesdesign.in/tocly/layouts/assets/libs/@fullcalendar/core/main.min.css]
[themesdesign.in/tocly/layouts/assets/libs/@fullcalendar/daygrid/main.min.css]
[themesdesign.in/tocly/layouts/assets/libs/@fullcalendar/bootstrap/main.min.css]
[themesdesign.in/tocly/layouts/assets/libs/@fullcalendar/timegrid/main.min.css]
[themesdesign.in/tocly/layouts/assets/libs/moment/min/moment.min.js]
[themesdesign.in/tocly/layouts/assets/libs/jquery-ui-dist/jquery-ui.min.js]
[themesdesign.in/tocly/layouts/assets/libs/@fullcalendar/core/main.min.js]
[themesdesign.in/tocly/layouts/assets/libs/@fullcalendar/bootstrap/main.min.js]
[themesdesign.in/tocly/layouts/assets/libs/@fullcalendar/daygrid/main.min.js]
[themesdesign.in/tocly/layouts/assets/libs/@fullcalendar/timegrid/main.min.js]
[themesdesign.in/tocly/layouts/assets/libs/@fullcalendar/interaction/main.min.js]
[themesdesign.in/tocly/layouts/assets/js/pages/calendar.init.js]
[themesdesign.in/tocly/layouts/calendar.html]
[themesdesign.in/tocly/layouts/assets/images/small/img-1.jpg]
[themesdesign.in/tocly/layouts/assets/images/small/img-2.jpg]
[themesdesign.in/tocly/layouts/apps-chat.html]
[themesdesign.in/tocly/layouts/assets/libs/dropzone/min/dropzone.min.css]
[themesdesign.in/tocly/layouts/assets/images/upgrade-img.png]
[themesdesign.in/tocly/layouts/apps-file-manager.html]
[themesdesign.in/tocly/layouts/invoices.html]
[themesdesign.in/tocly/layouts/invoice-detail.html]
[themesdesign.in/tocly/layouts/users-list.html]
[themesdesign.in/tocly/layouts/users-detail.html]
[themesdesign.in/tocly/layouts/layouts-dark-sidebar.html]
[themesdesign.in/tocly/layouts/layouts-light-sidebar.html]
[themesdesign.in/tocly/layouts/layouts-compact-sidebar.html]
[themesdesign.in/tocly/layouts/layouts-icon-sidebar.html]
[themesdesign.in/tocly/layouts/layouts-boxed.html]
[themesdesign.in/tocly/layouts/assets/libs/dropzone/min/dropzone.min.js]
[themesdesign.in/tocly/layouts/layouts-preloader.html]
[themesdesign.in/tocly/layouts/layouts-horizontal.html]
[themesdesign.in/tocly/layouts/layouts-hori-light-header.html]
[themesdesign.in/tocly/layouts/layouts-hori-topbar-dark.html]
[themesdesign.in/tocly/layouts/layouts-hori-boxed-width.html]
[themesdesign.in/tocly/layouts/layouts-hori-preloader.html]
[themesdesign.in/tocly/layouts/auth-login.html]
[themesdesign.in/tocly/layouts/auth-register.html]
[themesdesign.in/tocly/layouts/auth-recoverpw.html]
[themesdesign.in/tocly/layouts/auth-lock-screen.html]
[themesdesign.in/tocly/layouts/pages-starter.html]
[themesdesign.in/tocly/layouts/assets/images/maintenance-bg.png]
[themesdesign.in/tocly/layouts/pages-maintenance.html]
[themesdesign.in/tocly/layouts/assets/libs/jquery-countdown/jquery.countdown.min.js]
[themesdesign.in/tocly/layouts/assets/js/pages/coming-soon.init.js]
[themesdesign.in/tocly/layouts/pages-comingsoon.html]
[themesdesign.in/tocly/layouts/pages-404.html]
[themesdesign.in/tocly/layouts/pages-500.html]
[themesdesign.in/tocly/layouts/assets/images/faq.png]
[themesdesign.in/tocly/layouts/pages-faq.html]
[themesdesign.in/tocly/layouts/assets/images/small/img-6.jpg]
[themesdesign.in/tocly/layouts/pages-profile.html]
[themesdesign.in/tocly/layouts/pages-pricing.html]
[themesdesign.in/tocly/layouts/pages-terms-conditions.html]
[themesdesign.in/tocly/layouts/ui-alerts.html]
[themesdesign.in/tocly/layouts/ui-buttons.html]
[themesdesign.in/tocly/layouts/assets/images/small/img-5.jpg]
[themesdesign.in/tocly/layouts/assets/images/small/img-7.jpg]
[themesdesign.in/tocly/layouts/assets/libs/masonry-layout/masonry.pkgd.min.js]
[themesdesign.in/tocly/layouts/ui-cards.html]
[themesdesign.in/tocly/layouts/ui-carousel.html]
[themesdesign.in/tocly/layouts/ui-dropdowns.html]
[themesdesign.in/tocly/layouts/ui-grid.html]
[themesdesign.in/tocly/layouts/ui-images.html]
[themesdesign.in/tocly/layouts/assets/libs/magnific-popup/jquery.magnific-popup.min.js]
[themesdesign.in/tocly/layouts/assets/js/pages/lightbox.init.js]
[themesdesign.in/tocly/layouts/ui-lightbox.html]
[themesdesign.in/tocly/layouts/ui-modals.html]
[themesdesign.in/tocly/layouts/ui-offcanvas.html]
[themesdesign.in/tocly/layouts/assets/libs/ion-rangeslider/css/ion.rangeSlider.min.css]
[themesdesign.in/tocly/layouts/assets/libs/ion-rangeslider/js/ion.rangeSlider.min.js]
[themesdesign.in/tocly/layouts/assets/js/pages/range-sliders.init.js]
[themesdesign.in/tocly/layouts/ui-rangeslider.html]
[themesdesign.in/tocly/layouts/assets/libs/round-slider/roundslider.min.css]
[themesdesign.in/tocly/layouts/assets/libs/round-slider/roundslider.min.js]
[themesdesign.in/tocly/layouts/assets/js/pages/roundslider.init.js]
[themesdesign.in/tocly/layouts/ui-roundslider.html]
[themesdesign.in/tocly/layouts/assets/libs/@curiosityx/bootstrap-session-timeout/index.js]
[themesdesign.in/tocly/layouts/assets/js/pages/session-timeout.init.js]
[themesdesign.in/tocly/layouts/ui-session-timeout.html]
[themesdesign.in/tocly/layouts/ui-progressbars.html]
[themesdesign.in/tocly/layouts/assets/libs/sweetalert2/sweetalert2.min.css]
[themesdesign.in/tocly/layouts/assets/libs/sweetalert2/sweetalert2.min.js]
[themesdesign.in/tocly/layouts/assets/js/pages/sweet-alerts.init.js]
[themesdesign.in/tocly/layouts/ui-sweet-alert.html]
[themesdesign.in/tocly/layouts/ui-tabs-accordions.html]
[themesdesign.in/tocly/layouts/ui-typography.html]
[themesdesign.in/tocly/layouts/ui-video.html]
[themesdesign.in/tocly/layouts/ui-general.html]
[themesdesign.in/tocly/layouts/assets/libs/bootstrap-rating/bootstrap-rating.css]
[themesdesign.in/tocly/layouts/assets/libs/bootstrap-rating/bootstrap-rating.min.js]
[themesdesign.in/tocly/layouts/assets/js/pages/rating-init.js]
[themesdesign.in/tocly/layouts/ui-rating.html]
[themesdesign.in/tocly/layouts/assets/libs/toastr/build/toastr.min.css]
[themesdesign.in/tocly/layouts/assets/libs/toastr/build/toastr.min.js]
[themesdesign.in/tocly/layouts/assets/js/pages/toastr.init.js]
[themesdesign.in/tocly/layouts/ui-notifications.html]
[themesdesign.in/tocly/layouts/assets/libs/bs-custom-file-input/bs-custom-file-input.min.js]
[themesdesign.in/tocly/layouts/assets/js/pages/form-element.init.js]
[themesdesign.in/tocly/layouts/form-elements.html]
[themesdesign.in/tocly/layouts/assets/libs/parsleyjs/parsley.min.js]
[themesdesign.in/tocly/layouts/assets/js/pages/form-validation.init.js]
[themesdesign.in/tocly/layouts/form-validation.html]
[themesdesign.in/tocly/layouts/assets/libs/select2/css/select2.min.css]
[themesdesign.in/tocly/layouts/assets/libs/bootstrap-datepicker/css/bootstrap-datepicker.min.css]
[themesdesign.in/tocly/layouts/assets/libs/spectrum-colorpicker2/spectrum.min.css]
[themesdesign.in/tocly/layouts/assets/libs/bootstrap-touchspin/jquery.bootstrap-touchspin.min.css]
[themesdesign.in/tocly/layouts/assets/libs/select2/js/select2.min.js]
[themesdesign.in/tocly/layouts/assets/libs/bootstrap-datepicker/js/bootstrap-datepicker.min.js]
[themesdesign.in/tocly/layouts/assets/libs/spectrum-colorpicker2/spectrum.min.js]
[themesdesign.in/tocly/layouts/assets/libs/bootstrap-touchspin/jquery.bootstrap-touchspin.min.js]
[themesdesign.in/tocly/layouts/assets/libs/admin-resources/bootstrap-filestyle/bootstrap-filestyle.min.js]
[themesdesign.in/tocly/layouts/assets/libs/bootstrap-maxlength/bootstrap-maxlength.min.js]
[themesdesign.in/tocly/layouts/assets/js/pages/form-advanced.init.js]
[themesdesign.in/tocly/layouts/form-plugins.html]
[themesdesign.in/tocly/layouts/form-editors.html]
[themesdesign.in/tocly/layouts/form-uploads.html]
[themesdesign.in/tocly/layouts/assets/libs/twitter-bootstrap-wizard/prettify.css]
[themesdesign.in/tocly/layouts/assets/libs/twitter-bootstrap-wizard/jquery.bootstrap.wizard.min.js]
[themesdesign.in/tocly/layouts/assets/libs/twitter-bootstrap-wizard/prettify.js]
[themesdesign.in/tocly/layouts/assets/js/pages/form-wizard.init.js]
[themesdesign.in/tocly/layouts/form-wizard.html]
[themesdesign.in/tocly/layouts/tables-bootstrap.html]
[themesdesign.in/tocly/layouts/assets/libs/datatables.net-bs4/css/dataTables.bootstrap4.min.css]
[themesdesign.in/tocly/layouts/assets/libs/datatables.net-buttons-bs4/css/buttons.bootstrap4.min.css]
[themesdesign.in/tocly/layouts/assets/libs/datatables.net-select-bs4/css/select.bootstrap4.min.css]
[themesdesign.in/tocly/layouts/assets/libs/datatables.net-responsive-bs4/css/responsive.bootstrap4.min.css]
[themesdesign.in/tocly/layouts/assets/libs/datatables.net/js/jquery.dataTables.min.js]
[themesdesign.in/tocly/layouts/assets/libs/datatables.net-bs4/js/dataTables.bootstrap4.min.js]
[themesdesign.in/tocly/layouts/assets/libs/datatables.net-buttons/js/dataTables.buttons.min.js]
[themesdesign.in/tocly/layouts/assets/libs/datatables.net-buttons-bs4/js/buttons.bootstrap4.min.js]
[themesdesign.in/tocly/layouts/assets/libs/jszip/jszip.min.js]
[themesdesign.in/tocly/layouts/assets/libs/datatables.net-buttons/js/buttons.html5.min.js]
[themesdesign.in/tocly/layouts/assets/libs/pdfmake/build/pdfmake.min.js]
[themesdesign.in/tocly/layouts/assets/libs/pdfmake/build/vfs_fonts.js]
[themesdesign.in/tocly/layouts/assets/libs/datatables.net-buttons/js/buttons.print.min.js]
[themesdesign.in/tocly/layouts/assets/libs/datatables.net-buttons/js/buttons.colVis.min.js]
[themesdesign.in/tocly/layouts/assets/libs/datatables.net-keytable/js/dataTables.keyTable.min.js]
[themesdesign.in/tocly/layouts/assets/libs/datatables.net-select/js/dataTables.select.min.js]
[themesdesign.in/tocly/layouts/assets/libs/datatables.net-responsive/js/dataTables.responsive.min.js]
[themesdesign.in/tocly/layouts/assets/libs/datatables.net-responsive-bs4/js/responsive.bootstrap4.min.js]
[themesdesign.in/tocly/layouts/assets/js/pages/datatables.init.js]
[themesdesign.in/tocly/layouts/tables-datatable.html]
[themesdesign.in/tocly/layouts/assets/libs/datatables.net-keytable-bs4/css/keyTable.bootstrap4.min.css]
[themesdesign.in/tocly/layouts/assets/libs/table-edits/build/table-edits.min.js]
[themesdesign.in/tocly/layouts/assets/js/pages/table-editable.init.js]
[themesdesign.in/tocly/layouts/tables-editable.html]
[apexcharts.com/samples/assets/stock-prices.js]
[themesdesign.in/tocly/layouts/assets/js/pages/apexcharts-line.init.js]
[themesdesign.in/tocly/layouts/charts-line.html]
[apexcharts.com/samples/assets/github-data.js]
[apexcharts.com/samples/assets/irregular-data-series.js]
[themesdesign.in/tocly/layouts/assets/js/pages/apexcharts-area.init.js]
[themesdesign.in/tocly/layouts/charts-area.html]
[themesdesign.in/tocly/layouts/assets/js/pages/apexcharts-column.init.js]
[themesdesign.in/tocly/layouts/charts-column.html]
[themesdesign.in/tocly/layouts/assets/js/pages/apexcharts-bar.init.js]
[themesdesign.in/tocly/layouts/charts-bar.html]
[themesdesign.in/tocly/layouts/assets/js/pages/apexcharts-mixed.init.js]
[themesdesign.in/tocly/layouts/charts-mixed.html]
[themesdesign.in/tocly/layouts/assets/js/pages/apexcharts-timeline.init.js]
[themesdesign.in/tocly/layouts/charts-timeline.html]
[apexcharts.com/samples/assets/ohlc.js]
[cdnjs.cloudflare.com/ajax/libs/dayjs/1.8.17/dayjs.min.js]
[themesdesign.in/tocly/layouts/assets/js/pages/apexcharts-candlestick.init.js]
[themesdesign.in/tocly/layouts/charts-candlestick.html]
[themesdesign.in/tocly/layouts/assets/js/pages/apexcharts-boxplot.init.js]
[themesdesign.in/tocly/layouts/charts-boxplot.html]
[themesdesign.in/tocly/layouts/assets/js/pages/apexcharts-bubble.init.js]
[themesdesign.in/tocly/layouts/charts-bubble.html]
[themesdesign.in/tocly/layouts/assets/js/pages/apexcharts-scatter.init.js]
[themesdesign.in/tocly/layouts/charts-scatter.html]
[themesdesign.in/tocly/layouts/assets/js/pages/apexcharts-heatmap.init.js]
[themesdesign.in/tocly/layouts/charts-heatmap.html]
[themesdesign.in/tocly/layouts/assets/js/pages/apexcharts-treemap.init.js]
[themesdesign.in/tocly/layouts/charts-treemap.html]
[themesdesign.in/tocly/layouts/assets/js/pages/apexcharts-pie.init.js]
[themesdesign.in/tocly/layouts/charts-pie.html]
[themesdesign.in/tocly/layouts/assets/js/pages/apexcharts-radialbar.init.js]
[themesdesign.in/tocly/layouts/charts-radialbar.html]
[themesdesign.in/tocly/layouts/assets/js/pages/apexcharts-radar.init.js]
[themesdesign.in/tocly/layouts/charts-radar.html]
[themesdesign.in/tocly/layouts/assets/js/pages/apexcharts-polararea.init.js]
[themesdesign.in/tocly/layouts/charts-polararea.html]
[themesdesign.in/tocly/layouts/assets/js/pages/echarts.init.js]
[themesdesign.in/tocly/layouts/charts-echart.html]
[themesdesign.in/tocly/layouts/assets/libs/echarts/echarts.min.js]
[themesdesign.in/tocly/layouts/icons-remix.html]
[themesdesign.in/tocly/layouts/assets/js/pages/remix-icons-list.js]
[themesdesign.in/tocly/layouts/icons-materialdesign.html]
[themesdesign.in/tocly/layouts/icons-unicons.html]
[themesdesign.in/tocly/layouts/assets/js/pages/materialdesign.init.js]
[themesdesign.in/tocly/layouts/assets/libs/gmaps/gmaps.min.js]
[themesdesign.in/tocly/layouts/assets/js/pages/gmaps.init.js]
[themesdesign.in/tocly/layouts/maps-google.html]
[themesdesign.in/tocly/layouts/assets/libs/admin-resources/jquery.vectormap/jquery-jvectormap-1.2.2.css]
[themesdesign.in/tocly/layouts/assets/libs/admin-resources/jquery.vectormap/jquery-jvectormap-1.2.2.min.js]
[themesdesign.in/tocly/layouts/assets/libs/admin-resources/jquery.vectormap/maps/jquery-jvectormap-world-mill-en.js]
[themesdesign.in/tocly/layouts/assets/libs/admin-resources/jquery.vectormap/maps/jquery-jvectormap-us-merc-en.js]
[themesdesign.in/tocly/layouts/assets/libs/admin-resources/jquery.vectormap/maps/jquery-jvectormap-in-mill-en.js]
[themesdesign.in/tocly/layouts/assets/libs/admin-resources/jquery.vectormap/maps/jquery-jvectormap-au-mill-en.js]
[themesdesign.in/tocly/layouts/assets/libs/admin-resources/jquery.vectormap/maps/jquery-jvectormap-us-il-chicago-mill-en.js]
[themesdesign.in/tocly/layouts/assets/libs/admin-resources/jquery.vectormap/maps/jquery-jvectormap-uk-mill-en.js]
[themesdesign.in/tocly/layouts/assets/libs/admin-resources/jquery.vectormap/maps/jquery-jvectormap-ca-lcc-en.js]
[themesdesign.in/tocly/layouts/assets/js/pages/vector-maps.init.js]
[themesdesign.in/tocly/layouts/maps-vector.html]
[themesdesign.in/tocly/layouts/assets/css/app-dark.min.html]
[themesdesign.in/tocly/layouts/assets/images/pattern-bg.jpg]
[themesdesign.in/tocly/layouts/assets/images/auth.png]
[themesdesign.in/tocly/layouts/assets/images/overlay-1.png]
[themesdesign.in/tocly/layouts/assets/images/overlay-2.png]
[themesdesign.in/tocly/layouts/assets/images/comingsoon-bg.jpg]
[themesdesign.in/tocly/layouts/assets/css/app-rtl.min.css]
[themesdesign.in/tocly/layouts/assets/fonts/fa-brands-400.svg]
[themesdesign.in/tocly/layouts/assets/fonts/fa-regular-400.svg]
[themesdesign.in/tocly/layouts/assets/fonts/fa-solid-900.svg]
[themesdesign.in/tocly/layouts/assets/fonts/dripicons-v2.svg]
[themesdesign.in/tocly/layouts/assets/fonts/remixicondf6d.svg]
[themesdesign.in/tocly/layouts/assets/libs/@fullcalendar/core/main.min.css]
[themesdesign.in/tocly/layouts/assets/libs/@fullcalendar/daygrid/main.min.css]
[themesdesign.in/tocly/layouts/assets/libs/@fullcalendar/bootstrap/main.min.css]
[themesdesign.in/tocly/layouts/assets/libs/@fullcalendar/timegrid/main.min.css]
[themesdesign.in/tocly/layouts/assets/libs/dropzone/min/dropzone.min.css]
[themesdesign.in/tocly/layouts/pages-faqs.html]
[themesdesign.in/tocly/layouts/assets/libs/ion-rangeslider/css/ion.rangeSlider.min.css]
[themesdesign.in/tocly/layouts/assets/libs/round-slider/roundslider.min.css]
[themesdesign.in/tocly/layouts/assets/libs/sweetalert2/sweetalert2.min.css]
[themesdesign.in/tocly/layouts/assets/libs/bootstrap-rating/bootstrap-rating.css]
[themesdesign.in/tocly/layouts/assets/libs/toastr/build/toastr.min.css]
[themesdesign.in/tocly/layouts/assets/libs/select2/css/select2.min.css]
[themesdesign.in/tocly/layouts/assets/libs/bootstrap-datepicker/css/bootstrap-datepicker.min.css]
[themesdesign.in/tocly/layouts/assets/libs/spectrum-colorpicker2/spectrum.min.css]
[themesdesign.in/tocly/layouts/assets/libs/bootstrap-touchspin/jquery.bootstrap-touchspin.min.css]
[themesdesign.in/tocly/layouts/assets/libs/twitter-bootstrap-wizard/prettify.css]
[themesdesign.in/tocly/layouts/assets/libs/datatables.net-bs4/css/dataTables.bootstrap4.min.css]
[themesdesign.in/tocly/layouts/assets/libs/datatables.net-buttons-bs4/css/buttons.bootstrap4.min.css]
[themesdesign.in/tocly/layouts/assets/libs/datatables.net-select-bs4/css/select.bootstrap4.min.css]
[themesdesign.in/tocly/layouts/assets/libs/datatables.net-responsive-bs4/css/responsive.bootstrap4.min.css]
[themesdesign.in/tocly/layouts/assets/libs/datatables.net-autoFill-bs4/css/autoFill.bootstrap4.min.html]
[themesdesign.in/tocly/layouts/assets/libs/datatables.net-keytable-bs4/css/keyTable.bootstrap4.min.css]
[themesdesign.in/tocly/layouts/assets/libs/admin-resources/jquery.vectormap/jquery-jvectormap-1.2.2.css]
[themesdesign.in/tocly/layouts/assets/images/authentication-bg.html]
[themesdesign.in/tocly/layouts/assets/images/comingsoon.png]
[themesdesign.in/tocly/layouts/assets/libs/magnific-popup/magnific-popup.css]
[themesdesign.in/tocly/layouts/assets/libs/magnific-popup/magnific-popup.css]
